[backblue.gif]
[fade.gif]
[index.html]
[localhost/wppetstore.com/feed/index.html]
[localhost/wppetstore.com/comments/feed/index.html]
[localhost/wppetstore.com/wp-content/themes/astra/assets/fonts/astra.woff]
[cdnjs.cloudflare.com/ajax/libs/foundicons/3.0.0/foundation-iconsf100.css]
[localhost/wppetstore.com/wp-includes/js/jquery/jquery4a5f.js]
[localhost/wppetstore.com/wp-includes/js/jquery/jquery-migrate.min330a.js]
[localhost/wppetstore.com/xmlrpc0db0.php]
[localhost/wppetstore.com/wp-json/index.html]
[localhost/wppetstore.com/wp-includes/wlwmanifest.xml]
[localhost/wppetstore.com/wp-json/oembed/1.0/embed423e.json]
[localhost/wppetstore.com/wp-json/oembed/1.0/embedc662]
[localhost/wppetstore.com/wp-content/uploads/2020/01/logo1-free-img.png]
[localhost/wppetstore.com/wp-content/uploads/2020/01/tabby-114782_1280.jpg]
[localhost/wppetstore.com/wp-content/uploads/2020/01/cat-4189697_1920.jpg]
[localhost/wppetstore.com/wp-content/uploads/2019/07/grooming-free-img.png]
[localhost/wppetstore.com/wp-content/uploads/2019/07/training-free-img.png]
[localhost/wppetstore.com/wp-content/uploads/2019/07/sitting-free-img.png]
[localhost/wppetstore.com/wp-content/uploads/2019/07/minding-free-img.png]
[localhost/wppetstore.com/wp-content/uploads/2019/07/client2-free-img.png]
[localhost/wppetstore.com/wp-content/uploads/2019/07/client3-free-img.png]
[localhost/wppetstore.com/wp-content/uploads/2019/07/client1-free-img.png]
[localhost/wppetstore.com/wp-content/uploads/2019/07/pets-about-free-img.png]
[localhost/wppetstore.com/wp-content/themes/astra/assets/js/minified/style.min77e6.js]
[localhost/wppetstore.com/wp-content/plugins/beaver-builder-lite-version/js/jquery.waypoints.minf100.js]
[localhost/wppetstore.com/wp-content/uploads/bb-plugin/cache/15-layoutdcb9.js]
[localhost/wppetstore.com/wp-includes/js/wp-embed.min9dff.js]
[localhost/wppetstore.com/index.html]
[localhost/wppetstore.com/wp-content/themes/astra/assets/css/minified/style.min77e6.css]
[localhost/wppetstore.com/wp-content/themes/astra/assets/css/minified/menu-animation.min77e6.css]
[localhost/wppetstore.com/wp-includes/css/dist/block-library/style.min9dff.css]
[localhost/wppetstore.com/wp-content/uploads/bb-plugin/icons/ultimate-icons/fonts/Ultimate-Iconsc85f.ttf]
[localhost/wppetstore.com/wp-content/uploads/bb-plugin/icons/ultimate-icons/fonts/Ultimate-Iconsc85f.woff]
[localhost/wppetstore.com/wp-content/uploads/bb-plugin/icons/ultimate-icons/stylef100.css]
[localhost/wppetstore.com/wp-content/plugins/beaver-builder-lite-version/fonts/fontawesome/webfonts/fa-brands-400.eot]
[localhost/wppetstore.com/wp-content/plugins/beaver-builder-lite-version/fonts/fontawesome/webfonts/fa-brands-400.woff2]
[localhost/wppetstore.com/wp-content/plugins/beaver-builder-lite-version/fonts/fontawesome/webfonts/fa-brands-400d41d.eot]
[localhost/wppetstore.com/wp-content/plugins/beaver-builder-lite-version/fonts/fontawesome/webfonts/fa-brands-400.woff]
[localhost/wppetstore.com/wp-content/plugins/beaver-builder-lite-version/fonts/fontawesome/webfonts/fa-brands-400.ttf]
[localhost/wppetstore.com/wp-content/plugins/beaver-builder-lite-version/fonts/fontawesome/webfonts/fa-regular-400.eot]
[localhost/wppetstore.com/wp-content/plugins/beaver-builder-lite-version/fonts/fontawesome/webfonts/fa-regular-400.woff2]
[localhost/wppetstore.com/wp-content/plugins/beaver-builder-lite-version/fonts/fontawesome/webfonts/fa-regular-400.woff]
[localhost/wppetstore.com/wp-content/plugins/beaver-builder-lite-version/fonts/fontawesome/webfonts/fa-regular-400d41d.eot]
[localhost/wppetstore.com/wp-content/plugins/beaver-builder-lite-version/fonts/fontawesome/webfonts/fa-regular-400.ttf]
[localhost/wppetstore.com/wp-content/plugins/beaver-builder-lite-version/fonts/fontawesome/webfonts/fa-solid-900.eot]
[localhost/wppetstore.com/wp-content/plugins/beaver-builder-lite-version/fonts/fontawesome/webfonts/fa-solid-900.woff2]
[localhost/wppetstore.com/wp-content/plugins/beaver-builder-lite-version/fonts/fontawesome/webfonts/fa-solid-900.woff]
[localhost/wppetstore.com/wp-content/plugins/beaver-builder-lite-version/fonts/fontawesome/webfonts/fa-solid-900d41d.eot]
[localhost/wppetstore.com/wp-content/plugins/beaver-builder-lite-version/fonts/fontawesome/webfonts/fa-solid-900.ttf]
[localhost/wppetstore.com/wp-content/plugins/beaver-builder-lite-version/fonts/fontawesome/css/all.minf100.css]
[localhost/wppetstore.com/wp-content/plugins/beaver-builder-lite-version/fonts/fontawesome/css/v4-shims.minf100.css]
[cdnjs.cloudflare.com/ajax/libs/foundicons/3.0.0/foundation-icons.eot]
[cdnjs.cloudflare.com/ajax/libs/foundicons/3.0.0/foundation-iconsd41d.eot]
[cdnjs.cloudflare.com/ajax/libs/foundicons/3.0.0/foundation-icons.woff]
[cdnjs.cloudflare.com/ajax/libs/foundicons/3.0.0/foundation-icons.ttf]
[cdnjs.cloudflare.com/ajax/libs/foundicons/3.0.0/foundation-iconsf100.css]
[localhost/wppetstore.com/wp-content/plugins/ultimate-addons-for-beaver-builder-lite/modules/info-list/css/animate.css]
[localhost/wppetstore.com/wp-content/uploads/2020/01/cat-2536662_1920.jpg]
[localhost/wppetstore.com/wp-content/uploads/bb-plugin/cache/15-layoutdcb9.css]
[localhost/wppetstore.com/wp-json/oembed/1.0/embed1e54.json]
[cdnjs.cloudflare.com/ajax/libs/foundicons/3.0.0/foundation-icons.svg]
[localhost/wppetstore.com/wp-json/oembed/1.0/embed759e]
[localhost/wppetstore.com/about-us/index.html]
[localhost/wppetstore.com/wp-content/uploads/bb-plugin/cache/16-layout05ff.js]
[localhost/wppetstore.com/wp-json/oembed/1.0/embeddaf4.json]
[localhost/wppetstore.com/wp-json/oembed/1.0/embed4334]
[localhost/wppetstore.com/wp-content/uploads/bb-plugin/cache/18-layout2cf8.js]
[localhost/wppetstore.com/services/index.html]
[localhost/wppetstore.com/wp-json/oembed/1.0/embed5766.json]
[localhost/wppetstore.com/wp-json/oembed/1.0/embed97b4]
[localhost/wppetstore.com/contact-us/index.html]
[localhost/wppetstore.com/wp-content/uploads/bb-plugin/cache/20-layoutdff9.js]
[localhost/wptest.com/wp-content/uploads/2019/07/app-design-free-img-1.html]
[localhost/wptest.com/wp-content/uploads/2020/01/favicon-free-img-1.html]
[localhost/wppetstore.com/wp-content/uploads/bb-plugin/icons/ultimate-icons/fonts/Ultimate-Iconsc85f.svg]
[localhost/wppetstore.com/wp-content/plugins/beaver-builder-lite-version/fonts/fontawesome/webfonts/fa-brands-400.svg]
[localhost/wppetstore.com/wp-content/plugins/beaver-builder-lite-version/fonts/fontawesome/webfonts/fa-regular-400.svg]
[localhost/wppetstore.com/wp-content/plugins/beaver-builder-lite-version/fonts/fontawesome/webfonts/fa-solid-900.svg]
[cdnjs.cloudflare.com/ajax/libs/foundicons/3.0.0/foundation-icons.svg]
[localhost/wppetstore.com/wp-content/uploads/bb-plugin/cache/16-layout05ff.css]
[localhost/wppetstore.com/index0e62.html]
[localhost/wptest.com/wp-content/uploads/2019/07/founders-free-img.html]
[localhost/wptest.com/wp-content/uploads/2019/07/founders2-free-img.html]
[localhost/wptest.com/wp-content/uploads/2019/07/teammate3-free-img-1.html]
[localhost/wptest.com/wp-content/uploads/2019/07/teammate2-free-img-1.html]
[localhost/wptest.com/wp-content/uploads/2019/07/teammate1-free-img-1.html]
[localhost/wptest.com/wp-content/uploads/2020/01/footer-dog-free-img-1-214x300-2.html]
[localhost/wppetstore.com/wp-content/uploads/bb-plugin/cache/18-layout2cf8.css]
[localhost/wppetstore.com/index0735.html]
[localhost/wptest.com/wp-content/uploads/2019/07/pet-with-girl-free-img.html]
[localhost/wptest.com/wp-content/uploads/2019/07/sitting-free-img.html]
[localhost/wptest.com/wp-content/uploads/2019/07/minding-free-img.html]
[localhost/wptest.com/wp-content/uploads/2019/07/training-free-img.html]
[localhost/wptest.com/wp-content/uploads/2019/07/grooming-free-img.html]
[localhost/wptest.com/wp-content/uploads/2019/07/food-pot-free-img.html]
[localhost/wptest.com/wp-content/uploads/2019/07/food-free-img.html]
[localhost/wptest.com/wp-content/uploads/2019/07/heart-free-img.html]
[localhost/wptest.com/wp-content/uploads/2019/07/ball-free-img.html]
[localhost/wptest.com/wp-content/uploads/2019/07/collar-free-img.html]
[localhost/wptest.com/wp-content/uploads/2019/07/video-bg-free-img.html]
[localhost/wppetstore.com/wp-content/uploads/bb-plugin/cache/20-layoutdff9.css]
[localhost/wppetstore.com/wp-content/plugins/wpforms-lite/assets/css/wpforms-base00e2.css]
[localhost/wppetstore.com/index341b.html]
[localhost/wptest.com/wp-content/uploads/2019/07/founders3-free-img-2.html]
