[backblue.gif]
[fade.gif]
[index.html]
[localhost/wpbarbershop.com/feed/index.html]
[localhost/wpbarbershop.com/comments/feed/index.html]
[localhost/wpbarbershop.com/wp-content/themes/astra/assets/fonts/astra.woff]
[localhost/wpbarbershop.com/wp-content/plugins/elementor/assets/lib/font-awesome/js/v4-shims.min3088.js]
[localhost/wpbarbershop.com/xmlrpc0db0.php]
[localhost/wpbarbershop.com/wp-includes/wlwmanifest.xml]
[localhost/wpbarbershop.com/wp-json/index.html]
[localhost/wpbarbershop.com/wp-json/oembed/1.0/embed88f7.json]
[localhost/wpbarbershop.com/wp-json/oembed/1.0/embedf826]
[localhost/wpbarbershop.com/wp-content/uploads/2020/01/logo-regular-free-img.png]
[localhost/wpbarbershop.com/wp-content/uploads/2018/07/barber-01-free-img.jpg]
[localhost/wpbarbershop.com/wp-content/uploads/2018/07/barber-02-free-img.jpg]
[localhost/wpbarbershop.com/wp-content/uploads/2018/07/barber-03-free-img.jpg]
[localhost/wpbarbershop.com/wp-content/themes/astra/assets/js/minified/style.min77e6.js]
[localhost/wpbarbershop.com/wp-includes/js/wp-embed.min9dff.js]
[localhost/wpbarbershop.com/wp-includes/js/jquery/jquery4a5f.js]
[localhost/wpbarbershop.com/wp-includes/js/jquery/jquery-migrate.min330a.js]
[localhost/wpbarbershop.com/wp-content/plugins/elementor/assets/js/frontend-modules.minf7ff.js]
[localhost/wpbarbershop.com/wp-includes/js/jquery/ui/position.mine899.js]
[localhost/wpbarbershop.com/wp-content/plugins/elementor/assets/lib/dialog/dialog.minfe9d.js]
[localhost/wpbarbershop.com/wp-content/plugins/elementor/assets/lib/waypoints/waypoints.min05da.js]
[localhost/wpbarbershop.com/wp-content/plugins/elementor/assets/lib/swiper/swiper.min4f24.js]
[localhost/wpbarbershop.com/wp-content/plugins/elementor/assets/js/frontend.minf7ff.js]
[localhost/wpbarbershop.com/index.html]
[localhost/wpbarbershop.com/wp-content/themes/astra/assets/css/minified/style.min77e6.css]
[localhost/wpbarbershop.com/wp-includes/css/dist/block-library/style.min9dff.css]
[localhost/wpbarbershop.com/wp-content/plugins/wpforms-lite/assets/css/wpforms-base00e2.css]
[localhost/wpbarbershop.com/wp-content/plugins/header-footer-elementor/assets/css/header-footer-elementor8d1e.css]
[localhost/wpbarbershop.com/wp-content/plugins/elementor/assets/lib/eicons/fonts/eiconsdb5f.eot]
[localhost/wpbarbershop.com/wp-content/plugins/elementor/assets/lib/eicons/fonts/eiconsdb5f.woff2]
[localhost/wpbarbershop.com/wp-content/plugins/elementor/assets/lib/eicons/fonts/eiconsdb5f.woff]
[localhost/wpbarbershop.com/wp-content/plugins/elementor/assets/lib/eicons/fonts/eiconsdb5f.ttf]
[localhost/wpbarbershop.com/wp-content/plugins/elementor/assets/lib/eicons/css/elementor-icons.mindeba.css]
[localhost/wpbarbershop.com/wp-content/plugins/elementor/assets/lib/animations/animations.minf7ff.css]
[localhost/wpbarbershop.com/wp-content/plugins/elementor/assets/css/frontend.minf7ff.css]
[localhost/wpbarbershop.com/wp-content/plugins/elementor/assets/lib/font-awesome/webfonts/fa-brands-400.eot]
[localhost/wpbarbershop.com/wp-content/plugins/elementor/assets/lib/font-awesome/webfonts/fa-brands-400.woff2]
[localhost/wpbarbershop.com/wp-content/plugins/elementor/assets/lib/font-awesome/webfonts/fa-brands-400d41d.eot]
[localhost/wpbarbershop.com/wp-content/plugins/elementor/assets/lib/font-awesome/webfonts/fa-brands-400.woff]
[localhost/wpbarbershop.com/wp-content/plugins/elementor/assets/lib/font-awesome/webfonts/fa-brands-400.ttf]
[localhost/wpbarbershop.com/wp-content/plugins/elementor/assets/lib/font-awesome/webfonts/fa-regular-400.eot]
[localhost/wpbarbershop.com/wp-content/plugins/elementor/assets/lib/font-awesome/webfonts/fa-regular-400d41d.eot]
[localhost/wpbarbershop.com/wp-content/plugins/elementor/assets/lib/font-awesome/webfonts/fa-regular-400.woff2]
[localhost/wpbarbershop.com/wp-content/plugins/elementor/assets/lib/font-awesome/webfonts/fa-regular-400.woff]
[localhost/wpbarbershop.com/wp-content/plugins/elementor/assets/lib/font-awesome/webfonts/fa-regular-400.ttf]
[localhost/wpbarbershop.com/wp-content/plugins/elementor/assets/lib/font-awesome/webfonts/fa-solid-900.eot]
[localhost/wpbarbershop.com/wp-content/plugins/elementor/assets/lib/font-awesome/webfonts/fa-solid-900.woff2]
[localhost/wpbarbershop.com/wp-content/plugins/elementor/assets/lib/font-awesome/webfonts/fa-solid-900.woff]
[localhost/wpbarbershop.com/wp-content/plugins/elementor/assets/lib/font-awesome/webfonts/fa-solid-900d41d.eot]
[localhost/wpbarbershop.com/wp-content/plugins/elementor/assets/lib/font-awesome/webfonts/fa-solid-900.ttf]
[localhost/wpbarbershop.com/wp-content/plugins/elementor/assets/lib/font-awesome/css/all.min3088.css]
[localhost/wpbarbershop.com/wp-content/plugins/elementor/assets/lib/font-awesome/css/v4-shims.min3088.css]
[localhost/wpbarbershop.com/wp-content/uploads/2020/01/woman-2593366_1920.jpg]
[localhost/wpbarbershop.com/wp-content/uploads/2020/01/in-3315725_1920.jpg]
[localhost/wpbarbershop.com/wp-content/uploads/2020/01/woman-586185_1920.jpg]
[websitedemos.net/alex14/wp-content/uploads/sites/231/2018/07/icon-01-free-img.png]
[websitedemos.net/alex14/wp-content/uploads/sites/231/2018/07/icon-02-free-img.png]
[websitedemos.net/alex14/wp-content/uploads/sites/231/2018/07/icon-03-free-img.png]
[websitedemos.net/alex14/wp-content/uploads/sites/231/2018/07/icon-04-free-img.png]
[localhost/wpbarbershop.com/wp-content/uploads/2020/01/barber-2507764_1920.jpg]
[localhost/wpbarbershop.com/wp-content/uploads/2020/01/hairdresser-4564271_1920.jpg]
[localhost/wpbarbershop.com/wp-content/uploads/elementor/css/post-9afd4.css]
[localhost/wpbarbershop.com/wp-content/uploads/elementor/css/post-165d34a.css]
[localhost/wpbarbershop.com/wp-content/plugins/elementor/assets/lib/font-awesome/css/fontawesome.minad76.css]
[localhost/wpbarbershop.com/wp-content/plugins/elementor/assets/lib/font-awesome/css/solid.minad76.css]
[localhost/wpbarbershop.com/wp-content/plugins/elementor/assets/lib/font-awesome/css/brands.minad76.css]
[localhost/wpbarbershop.com/wp-json/oembed/1.0/embedf300.json]
[localhost/wpbarbershop.com/wp-json/oembed/1.0/embed999a]
[localhost/wpbarbershop.com/wp-content/plugins/essential-addons-for-elementor-lite/assets/front-end/js/eael.minf32e.js]
[localhost/wpbarbershop.com/about/index.html]
[localhost/wpbarbershop.com/wp-json/oembed/1.0/embeda480.json]
[localhost/wpbarbershop.com/wp-json/oembed/1.0/embed94e0]
[localhost/wpbarbershop.com/wp-content/uploads/2020/01/barber-01-free-img.jpg]
[localhost/wpbarbershop.com/wp-content/uploads/2020/01/barber-02-free-img.jpg]
[localhost/wpbarbershop.com/wp-content/uploads/2020/01/barber-03-free-img.jpg]
[localhost/wpbarbershop.com/wp-content/uploads/2020/01/barber-04-free-img.jpg]
[localhost/wpbarbershop.com/wp-content/uploads/2020/01/barber-05-free-img.jpg]
[localhost/wpbarbershop.com/barbers/index.html]
[localhost/wpbarbershop.com/wp-json/oembed/1.0/embedfd6c.json]
[localhost/wpbarbershop.com/wp-json/oembed/1.0/embed5c7e]
[localhost/wpbarbershop.com/wp-content/uploads/2020/01/haircut-photo-01-free-img.jpg]
[localhost/wpbarbershop.com/wp-content/uploads/2020/01/haircut-photo-02-free-img.jpg]
[localhost/wpbarbershop.com/wp-content/uploads/2020/01/haircut-photo-03-free-img.jpg]
[localhost/wpbarbershop.com/wp-content/uploads/2020/01/haircut-photo-04-free-img.jpg]
[localhost/wpbarbershop.com/wp-content/uploads/2020/01/beard-photo-01-free-img.jpg]
[localhost/wpbarbershop.com/wp-content/uploads/2020/01/beard-photo-02-free-img.jpg]
[localhost/wpbarbershop.com/wp-content/uploads/2020/01/beard-photo-03-free-img.jpg]
[localhost/wpbarbershop.com/wp-content/uploads/2020/01/beard-photo-04-free-img.jpg]
[localhost/wpbarbershop.com/wp-content/uploads/2020/01/mustache-photo-01-free-img.jpg]
[localhost/wpbarbershop.com/wp-content/uploads/2020/01/mustache-photo-02-free-img.jpg]
[localhost/wpbarbershop.com/wp-content/uploads/2020/01/mustache-photo-03-free-img.jpg]
[localhost/wpbarbershop.com/wp-content/uploads/2020/01/mustache-photo-04-free-img.jpg]
[localhost/wpbarbershop.com/wp-content/plugins/essential-addons-for-elementor-lite/assets/front-end/js/eael.min4ec7.js]
[localhost/wpbarbershop.com/gallery/index.html]
[localhost/wpbarbershop.com/wp-json/oembed/1.0/embede715.json]
[localhost/wpbarbershop.com/wp-json/oembed/1.0/embed7193]
[localhost/wpbarbershop.com/wp-content/plugins/essential-addons-for-elementor-lite/assets/front-end/js/eael.minf7ba.js]
[localhost/wpbarbershop.com/wp-content/plugins/wpforms-lite/assets/js/jquery.validate.minb3a6.js]
[localhost/wpbarbershop.com/wp-content/plugins/wpforms-lite/assets/js/mailcheck.mincfa9.js]
[localhost/wpbarbershop.com/wp-content/plugins/wpforms-lite/assets/js/wpforms00e2.js]
[localhost/wpbarbershop.com/contact/index.html]
[localhost/wpbarbershop.com/wp-content/plugins/elementor/assets/lib/eicons/fonts/eiconsdb5f.svg]
[localhost/wpbarbershop.com/wp-content/plugins/elementor/assets/lib/font-awesome/webfonts/fa-brands-400.svg]
[localhost/wpbarbershop.com/wp-content/plugins/elementor/assets/lib/font-awesome/webfonts/fa-regular-400.svg]
[localhost/wpbarbershop.com/wp-content/plugins/elementor/assets/lib/font-awesome/webfonts/fa-solid-900.svg]
[localhost/wptest.com/wp-content/uploads/2020/01/bg-img-06-free-img.html]
[localhost/wpbarbershop.com/wp-content/plugins/essential-addons-for-elementor-lite/assets/front-end/img/bg.jpg]
[localhost/wpbarbershop.com/wp-content/plugins/essential-addons-for-elementor-lite/assets/front-end/css/eael.minf32e.css]
[localhost/wpbarbershop.com/wp-content/uploads/elementor/css/post-104ec7.css]
[localhost/wpbarbershop.com/index64b4.html]
[localhost/wpbarbershop.com/wp-content/uploads/elementor/css/post-124ec7.css]
[localhost/wpbarbershop.com/index678b.html]
[localhost/wpbarbershop.com/wp-content/plugins/essential-addons-for-elementor-lite/assets/front-end/css/eael.min4ec7.css]
[localhost/wpbarbershop.com/wp-content/uploads/elementor/css/post-11e7cc.css]
[localhost/wpbarbershop.com/index5757.html]
[localhost/wpbarbershop.com/wp-content/plugins/essential-addons-for-elementor-lite/assets/front-end/css/eael.minf7ba.css]
[localhost/wpbarbershop.com/wp-content/uploads/elementor/css/post-138158.css]
[localhost/wpbarbershop.com/index2dc4.html]
[localhost/wptest.com/wp-content/uploads/2020/01/bg-img-08-free-img.html]
[localhost/wptest.com/wp-content/uploads/2020/01/bg-img-07-free-img.html]
[localhost/wptest.com/wp-content/uploads/2020/01/bg-img-09-free-img.html]
[localhost/wptest.com/wp-content/uploads/2020/01/bg-img-11-free-img.html]
[localhost/wptest.com/wp-content/uploads/2020/01/bg-img-10-free-img.html]
