[backblue.gif]
[fade.gif]
[index.html]
[localhost/wpgamestore.com/feed/index.html]
[localhost/wpgamestore.com/comments/feed/index.html]
[localhost/wpgamestore.com/wp-content/themes/astra/assets/fonts/astra.woff]
[localhost/wpgamestore.com/wp-includes/js/jquery/jquery4a5f.js]
[localhost/wpgamestore.com/wp-includes/js/jquery/jquery-migrate.min330a.js]
[localhost/wpgamestore.com/xmlrpc0db0.php]
[localhost/wpgamestore.com/wp-json/index.html]
[localhost/wpgamestore.com/wp-json/oembed/1.0/embeded38.json]
[localhost/wpgamestore.com/wp-json/oembed/1.0/embed2876]
[localhost/wpgamestore.com/wp-content/uploads/elementor/thumbs/mario-1558068_1920-ojnulwroryu3cbtzwcc5h3543bav4n4j0j1vibg40o.jpg]
[localhost/wpgamestore.com/wp-content/uploads/elementor/thumbs/minecraft-1106261-ojnult0c0moy1vzgiapn7439prte9uplo0fxl7lopk.png]
[localhost/wpgamestore.com/wp-content/uploads/2020/01/mario-1558068_1920.jpg]
[localhost/wpgamestore.com/wp-content/uploads/2020/01/mario-1558068_1920-150x150.jpg]
[localhost/wpgamestore.com/wp-content/uploads/2020/01/minecraft-1106252.jpg]
[localhost/wpgamestore.com/wp-content/uploads/2020/01/minecraft-1106252-150x150.jpg]
[localhost/wpgamestore.com/wp-content/uploads/2020/01/minecraft-1106261.png]
[localhost/wpgamestore.com/wp-content/uploads/2020/01/minecraft-1106261-150x150.png]
[localhost/wpgamestore.com/wp-content/uploads/2020/01/computer-1845880_1920.jpg]
[localhost/wpgamestore.com/wp-content/uploads/2020/01/computer-1845880_1920-150x150.jpg]
[localhost/wpgamestore.com/wp-content/uploads/elementor/thumbs/video-games-893225_1920-ojm6lbwqjaxbbubep8u923gjejka7wlojt6a1y9j0o.jpg]
[localhost/wpgamestore.com/wp-content/uploads/elementor/thumbs/minecraft-1106252-ojm6l937ystgd0fi5pmdcm65mdy6ktahjf7tm4dpjc.jpg]
[localhost/wpgamestore.com/wp-content/uploads/elementor/thumbs/computer-1845880_1920-ojm6leq93t16ao7b8s24rkqx6p6duzwvk74qhs5ci0.jpg]
[localhost/wpgamestore.com/wp-content/uploads/elementor/thumbs/minecraft-1106261-ojnult091mgaq23u1mf2leogycuvayjd962d2ownew.png]
[localhost/wpgamestore.com/wp-content/uploads/elementor/thumbs/mario-1558068_1920-ojnulwrlsylg0hydfo1kvdqbbwcc5qyalooazsr2q0.jpg]
[localhost/wpgamestore.com/wp-content/uploads/2020/01/pacman-145861_640-150x150.png]
[localhost/wpgamestore.com/wp-content/uploads/2020/01/cyborg-145847_640-150x150.png]
[localhost/wpgamestore.com/wp-content/uploads/2020/01/pacman-145852_640-150x150.png]
[localhost/wpgamestore.com/wp-content/themes/astra/assets/js/minified/style.min77e6.js]
[localhost/wpgamestore.com/wp-content/plugins/contact-form-7/includes/js/scriptsb62d.js]
[localhost/wpgamestore.com/wp-content/uploads/essential-addons-elementor/eael-post-7.min91ca.js]
[localhost/wpgamestore.com/wp-content/plugins/elementor/assets/lib/font-awesome/js/v4-shims.min3088.js]
[localhost/wpgamestore.com/wp-content/plugins/elementor/assets/js/frontend-modules.minf7ff.js]
[localhost/wpgamestore.com/wp-includes/js/jquery/ui/position.mine899.js]
[localhost/wpgamestore.com/wp-content/plugins/elementor/assets/lib/dialog/dialog.minfe9d.js]
[localhost/wpgamestore.com/wp-content/plugins/elementor/assets/lib/waypoints/waypoints.min05da.js]
[localhost/wpgamestore.com/wp-content/plugins/elementor/assets/lib/swiper/swiper.min4f24.js]
[localhost/wpgamestore.com/wp-content/plugins/elementor/assets/js/frontend.minf7ff.js]
[localhost/wpgamestore.com/index.html]
[localhost/wpgamestore.com/wp-content/themes/astra/assets/css/minified/style.min77e6.css]
[localhost/wpgamestore.com/wp-content/themes/astra/assets/css/minified/menu-animation.min77e6.css]
[localhost/wpgamestore.com/wp-includes/css/dist/block-library/style.min9dff.css]
[localhost/wpgamestore.com/wp-content/plugins/contact-form-7/images/ajax-loader.gif]
[localhost/wpgamestore.com/wp-content/plugins/contact-form-7/includes/css/stylesb62d.css]
[localhost/wpgamestore.com/wp-content/themes/astra/assets/css/minified/compatibility/contact-form-7.min77e6.css]
[localhost/wpgamestore.com/wp-content/uploads/essential-addons-elementor/eael-post-7.min91ca.css]
[localhost/wpgamestore.com/wp-content/plugins/elementor/assets/lib/eicons/fonts/eiconsdb5f.eot]
[localhost/wpgamestore.com/wp-content/plugins/elementor/assets/lib/eicons/fonts/eiconsdb5f.woff2]
[localhost/wpgamestore.com/wp-content/plugins/elementor/assets/lib/eicons/fonts/eiconsdb5f.woff]
[localhost/wpgamestore.com/wp-content/plugins/elementor/assets/lib/eicons/fonts/eiconsdb5f.ttf]
[localhost/wpgamestore.com/wp-content/plugins/elementor/assets/lib/eicons/css/elementor-icons.mindeba.css]
[localhost/wpgamestore.com/wp-content/plugins/elementor/assets/lib/animations/animations.minf7ff.css]
[localhost/wpgamestore.com/wp-content/plugins/elementor/assets/css/frontend.minf7ff.css]
[localhost/wpgamestore.com/wp-content/uploads/elementor/css/global6574.css]
[localhost/wpgamestore.com/wp-content/uploads/elementor/css/post-767a1.css]
[localhost/wpgamestore.com/wp-content/plugins/elementor/assets/lib/font-awesome/webfonts/fa-brands-400.eot]
[localhost/wpgamestore.com/wp-content/plugins/elementor/assets/lib/font-awesome/webfonts/fa-brands-400.woff2]
[localhost/wpgamestore.com/wp-content/plugins/elementor/assets/lib/font-awesome/webfonts/fa-brands-400d41d.eot]
[localhost/wpgamestore.com/wp-content/plugins/elementor/assets/lib/font-awesome/webfonts/fa-brands-400.woff]
[localhost/wpgamestore.com/wp-content/plugins/elementor/assets/lib/font-awesome/webfonts/fa-brands-400.ttf]
[localhost/wpgamestore.com/wp-content/plugins/elementor/assets/lib/font-awesome/webfonts/fa-regular-400.eot]
[localhost/wpgamestore.com/wp-content/plugins/elementor/assets/lib/font-awesome/webfonts/fa-regular-400.woff2]
[localhost/wpgamestore.com/wp-content/plugins/elementor/assets/lib/font-awesome/webfonts/fa-regular-400.woff]
[localhost/wpgamestore.com/wp-content/plugins/elementor/assets/lib/font-awesome/webfonts/fa-regular-400.ttf]
[localhost/wpgamestore.com/wp-content/plugins/elementor/assets/lib/font-awesome/webfonts/fa-regular-400d41d.eot]
[localhost/wpgamestore.com/wp-content/plugins/elementor/assets/lib/font-awesome/webfonts/fa-solid-900.eot]
[localhost/wpgamestore.com/wp-content/plugins/elementor/assets/lib/font-awesome/webfonts/fa-solid-900.woff2]
[localhost/wpgamestore.com/wp-content/plugins/elementor/assets/lib/font-awesome/webfonts/fa-solid-900d41d.eot]
[localhost/wpgamestore.com/wp-content/plugins/elementor/assets/lib/font-awesome/webfonts/fa-solid-900.woff]
[localhost/wpgamestore.com/wp-content/plugins/elementor/assets/lib/font-awesome/webfonts/fa-solid-900.ttf]
[localhost/wpgamestore.com/wp-content/plugins/elementor/assets/lib/font-awesome/css/all.min3088.css]
[localhost/wpgamestore.com/wp-content/plugins/elementor/assets/lib/font-awesome/css/v4-shims.min3088.css]
[localhost/wpgamestore.com/wp-content/uploads/img/bg.html]
[localhost/wpgamestore.com/wp-content/plugins/elementor/assets/lib/eicons/fonts/eiconsdb5f.svg]
[localhost/wpgamestore.com/wp-content/plugins/elementor/assets/lib/font-awesome/webfonts/fa-brands-400.svg]
[localhost/wpgamestore.com/wp-content/plugins/elementor/assets/lib/font-awesome/webfonts/fa-regular-400.svg]
[localhost/wpgamestore.com/wp-content/plugins/elementor/assets/lib/font-awesome/webfonts/fa-solid-900.svg]
