[backblue.gif]
[fade.gif]
[index.html]
[localhost/wpShop.com/wp-content/themes/astra/assets/fonts/astra.woff]
[localhost/wpShop.com/index.php/feed/index.html]
[localhost/wpShop.com/index.php/comments/feed/index.html]
[localhost/wpShop.com/wp-includes/js/jquery/jquery4a5f.js]
[localhost/wpShop.com/wp-includes/js/jquery/jquery-migrate.min330a.js]
[localhost/wpShop.com/wp-content/plugins/elementor/assets/lib/font-awesome/js/v4-shims.minf7ff.js]
[localhost/wpShop.com/xmlrpc0db0.php]
[localhost/wpShop.com/wp-includes/wlwmanifest.xml]
[localhost/wpShop.com/index.php/wp-json/oembed/1.0/embed5602.json]
[localhost/wpShop.com/index.php/wp-json/index.html]
[localhost/wpShop.com/index.php/wp-json/oembed/1.0/embed0806]
[localhost/wpShop.com/wp-content/uploads/2020/01/life-coach-flower-logo.png]
[localhost/wpShop.com/wp-content/uploads/2020/01/IMG_20190917_095105_761.jpg]
[localhost/wpShop.com/wp-content/uploads/elementor/thumbs/icon01-free-img-ojf4i4fvpjug2cydbneknzoyf8bg587s66iqp5r1i0.png]
[localhost/wpShop.com/wp-content/uploads/elementor/thumbs/icon02-free-img-ojf4ib0r1e3gbmot988yng16kxf0n3xwj33523haag.png]
[localhost/wpShop.com/wp-content/uploads/elementor/thumbs/icon03-free-img-ojf4igns6eb69agmcaoq2ely58n7xakajv01xr8x94.png]
[localhost/wpShop.com/wp-content/uploads/elementor/thumbs/bukhara-ojjtigt2owbgch5zv9r3cydukg3wgyzu4kmmiv0ne8.jpg]
[localhost/wpShop.com/wp-content/themes/astra/assets/js/minified/style.min77e6.js]
[localhost/wpShop.com/wp-content/plugins/woocommerce/assets/js/jquery-blockui/jquery.blockUI.min44fd.js]
[localhost/wpShop.com/wp-content/plugins/woocommerce/assets/js/frontend/add-to-cart.min7e2e.js]
[localhost/wpShop.com/wp-content/plugins/woocommerce/assets/js/js-cookie/js.cookie.min6b25.js]
[localhost/wpShop.com/wp-content/plugins/woocommerce/assets/js/frontend/woocommerce.min7e2e.js]
[localhost/wpShop.com/wp-content/plugins/woocommerce/assets/js/frontend/cart-fragments.min7e2e.js]
[localhost/wpShop.com/wp-includes/js/wp-embed.min9dff.js]
[localhost/wpShop.com/wp-content/plugins/elementor/assets/js/frontend-modules.minf7ff.js]
[localhost/wpShop.com/wp-includes/js/jquery/ui/position.mine899.js]
[localhost/wpShop.com/wp-content/plugins/elementor/assets/lib/dialog/dialog.minfe9d.js]
[localhost/wpShop.com/wp-content/plugins/elementor/assets/lib/waypoints/waypoints.min05da.js]
[localhost/wpShop.com/wp-content/plugins/elementor/assets/lib/swiper/swiper.min4f24.js]
[localhost/wpShop.com/wp-content/plugins/elementor/assets/js/frontend.minf7ff.js]
[localhost/wpShop.com/wp-content/plugins/wpforms-lite/assets/js/jquery.validate.minb3a6.js]
[localhost/wpShop.com/wp-content/plugins/wpforms-lite/assets/js/mailcheck.mincfa9.js]
[localhost/wpShop.com/index.html]
[localhost/wpShop.com/wp-content/plugins/wpforms-lite/assets/js/wpforms00e2.js]
[localhost/wpShop.com/wp-content/themes/astra/assets/css/minified/style.min77e6.css]
[localhost/wpShop.com/wp-content/themes/astra/assets/css/minified/menu-animation.min77e6.css]
[localhost/wpShop.com/wp-includes/css/dist/block-library/style.min9dff.css]
[localhost/wpShop.com/wp-content/plugins/woocommerce/packages/woocommerce-blocks/build/style747d.css]
[localhost/wpShop.com/wp-content/themes/astra/assets/css/minified/compatibility/woocommerce/woocommerce-layout.min77e6.css]
[localhost/wpShop.com/wp-content/themes/astra/assets/css/minified/compatibility/woocommerce/woocommerce-smallscreen.min77e6.css]
[localhost/wpShop.com/wp-content/plugins/woocommerce/assets/fonts/star.eot]
[localhost/wpShop.com/wp-content/plugins/woocommerce/assets/fonts/stard41d.eot]
[localhost/wpShop.com/wp-content/plugins/woocommerce/assets/fonts/star.woff]
[localhost/wpShop.com/wp-content/plugins/woocommerce/assets/fonts/star.ttf]
[localhost/wpShop.com/wp-content/plugins/woocommerce/assets/fonts/WooCommerce.eot]
[localhost/wpShop.com/wp-content/plugins/woocommerce/assets/fonts/WooCommerce.woff]
[localhost/wpShop.com/wp-content/plugins/woocommerce/assets/fonts/WooCommerced41d.eot]
[localhost/wpShop.com/wp-content/plugins/woocommerce/assets/fonts/WooCommerce.ttf]
[localhost/wpShop.com/wp-content/plugins/woocommerce/assets/css/photoswipe/default-skin/default-skin.png]
[localhost/wpShop.com/wp-content/themes/astra/assets/css/minified/compatibility/woocommerce/woocommerce.min77e6.css]
[localhost/wpShop.com/wp-content/plugins/header-footer-elementor/assets/css/header-footer-elementor8d1e.css]
[localhost/wpShop.com/wp-content/plugins/elementor/assets/lib/eicons/fonts/eiconsdb5f.eot]
[localhost/wpShop.com/wp-content/plugins/elementor/assets/lib/eicons/fonts/eiconsdb5f.woff2]
[localhost/wpShop.com/wp-content/plugins/elementor/assets/lib/eicons/fonts/eiconsdb5f.woff]
[localhost/wpShop.com/wp-content/plugins/elementor/assets/lib/eicons/fonts/eiconsdb5f.ttf]
[localhost/wpShop.com/wp-content/plugins/elementor/assets/lib/eicons/css/elementor-icons.mindeba.css]
[localhost/wpShop.com/wp-content/plugins/elementor/assets/lib/animations/animations.minf7ff.css]
[localhost/wpShop.com/wp-content/plugins/elementor/assets/css/frontend.minf7ff.css]
[localhost/wpShop.com/wp-content/plugins/elementor/assets/lib/font-awesome/webfonts/fa-brands-400.eot]
[localhost/wpShop.com/wp-content/plugins/elementor/assets/lib/font-awesome/webfonts/fa-brands-400.woff2]
[localhost/wpShop.com/wp-content/plugins/elementor/assets/lib/font-awesome/webfonts/fa-brands-400d41d.eot]
[localhost/wpShop.com/wp-content/plugins/elementor/assets/lib/font-awesome/webfonts/fa-brands-400.woff]
[localhost/wpShop.com/wp-content/plugins/elementor/assets/lib/font-awesome/webfonts/fa-brands-400.ttf]
[localhost/wpShop.com/wp-content/plugins/elementor/assets/lib/font-awesome/webfonts/fa-regular-400.eot]
[localhost/wpShop.com/wp-content/plugins/elementor/assets/lib/font-awesome/webfonts/fa-regular-400d41d.eot]
[localhost/wpShop.com/wp-content/plugins/elementor/assets/lib/font-awesome/webfonts/fa-regular-400.woff2]
[localhost/wpShop.com/wp-content/plugins/elementor/assets/lib/font-awesome/webfonts/fa-regular-400.woff]
[localhost/wpShop.com/wp-content/plugins/elementor/assets/lib/font-awesome/webfonts/fa-regular-400.ttf]
[localhost/wpShop.com/wp-content/plugins/elementor/assets/lib/font-awesome/webfonts/fa-solid-900.eot]
[localhost/wpShop.com/wp-content/plugins/elementor/assets/lib/font-awesome/webfonts/fa-solid-900.woff2]
[localhost/wpShop.com/wp-content/plugins/elementor/assets/lib/font-awesome/webfonts/fa-solid-900.woff]
[localhost/wpShop.com/wp-content/plugins/elementor/assets/lib/font-awesome/webfonts/fa-solid-900d41d.eot]
[localhost/wpShop.com/wp-content/plugins/elementor/assets/lib/font-awesome/webfonts/fa-solid-900.ttf]
[localhost/wpShop.com/wp-content/plugins/elementor/assets/lib/font-awesome/css/all.minf7ff.css]
[localhost/wpShop.com/wp-content/plugins/elementor/assets/lib/font-awesome/css/v4-shims.minf7ff.css]
[localhost/wpShop.com/wp-content/uploads/2020/01/IMG_20190630_094324-scaled.jpg]
[localhost/wpShop.com/wp-content/uploads/elementor/css/post-340ca39.css]
[localhost/wpShop.com/wp-content/uploads/elementor/css/post-5496dc5.css]
[localhost/wpShop.com/wp-content/plugins/elementor/assets/lib/font-awesome/css/fontawesome.minad76.css]
[localhost/wpShop.com/wp-content/plugins/elementor/assets/lib/font-awesome/css/brands.minad76.css]
[localhost/wpShop.com/index.php/wp-json/oembed/1.0/embedc351.json]
[localhost/wpShop.com/index.php/wp-json/oembed/1.0/embedf07d]
[localhost/wpShop.com/wp-content/uploads/2020/01/life-coach-sara-image.jpg]
[localhost/wpShop.com/index.php/about/index.html]
[localhost/wpShop.com/index.php/wp-json/oembed/1.0/embed4576.json]
[localhost/wpShop.com/index.php/wp-json/oembed/1.0/embed51c3]
[localhost/wpShop.com/wp-content/uploads/2019/04/product4-free-img-300x300.jpg]
[localhost/wpShop.com/wp-content/uploads/2019/04/product3-free-img-300x300.jpg]
[localhost/wpShop.com/wp-content/uploads/2019/04/product1-free-img-300x300.jpg]
[localhost/wpShop.com/wp-content/uploads/2019/04/product2-free-img-300x300.jpg]
[localhost/wpShop.com/index.php/work-with-me/index.html]
[localhost/wpShop.com/index.php/wp-json/oembed/1.0/embed4faf.json]
[localhost/wpShop.com/index.php/wp-json/oembed/1.0/embedeabf]
[localhost/wpShop.com/wp-content/uploads/2020/01/book-01.jpg]
[localhost/wpShop.com/wp-content/uploads/2020/01/book-02.jpg]
[localhost/wpShop.com/wp-content/uploads/2020/01/book-03.jpg]
[localhost/wpShop.com/wp-content/uploads/2020/01/book-04.jpg]
[localhost/wpShop.com/wp-content/uploads/2020/01/book-05.jpg]
[localhost/wpShop.com/wp-content/uploads/2020/01/book-06.jpg]
[localhost/wpShop.com/wp-content/uploads/2020/01/book-07.jpg]
[localhost/wpShop.com/wp-content/uploads/2020/01/book-08.jpg]
[localhost/wpShop.com/index.php/books/index.html]
[localhost/wpShop.com/index.php/wp-json/oembed/1.0/embed05f7.json]
[localhost/wpShop.com/index.php/wp-json/oembed/1.0/embedc2af]
[localhost/wpShop.com/index.php/contact/index.html]
[localhost/wpShop.com/index.php/wp-json/oembed/1.0/embed2199.json]
[localhost/wpShop.com/index.php/wp-json/oembed/1.0/embed5c11]
[localhost/wpShop.com/wp-content/plugins/woocommerce/assets/js/frontend/country-select.min7e2e.js]
[localhost/wpShop.com/wp-content/plugins/woocommerce/assets/js/frontend/address-i18n.min7e2e.js]
[localhost/wpShop.com/wp-content/plugins/woocommerce/assets/js/frontend/cart.min7e2e.js]
[localhost/wpShop.com/wp-content/plugins/woocommerce/assets/js/selectWoo/selectWoo.full.min0ba6.js]
[localhost/wpShop.com/index.php/cart/index.html]
[localhost/wpShop.com/wp-content/plugins/wpforms-lite/assets/css/wpforms-base00e2.css]
[localhost/wpShop.com/wp-content/plugins/woocommerce/assets/fonts/star.svg]
[localhost/wpShop.com/wp-content/plugins/woocommerce/assets/fonts/WooCommerce.svg]
[localhost/wpShop.com/wp-content/plugins/woocommerce/assets/images/icons/loader.svg]
[localhost/wpShop.com/wp-content/plugins/woocommerce/assets/images/icons/credit-cards/visa.svg]
[localhost/wpShop.com/wp-content/plugins/woocommerce/assets/images/icons/credit-cards/mastercard.svg]
[localhost/wpShop.com/wp-content/plugins/woocommerce/assets/images/icons/credit-cards/laser.svg]
[localhost/wpShop.com/wp-content/plugins/woocommerce/assets/images/icons/credit-cards/diners.svg]
[localhost/wpShop.com/wp-content/plugins/woocommerce/assets/images/icons/credit-cards/maestro.svg]
[localhost/wpShop.com/wp-content/plugins/woocommerce/assets/images/icons/credit-cards/jcb.svg]
[localhost/wpShop.com/wp-content/plugins/woocommerce/assets/images/icons/credit-cards/amex.svg]
[localhost/wpShop.com/wp-content/plugins/woocommerce/assets/images/icons/credit-cards/discover.svg]
[localhost/wpShop.com/wp-content/plugins/elementor/assets/lib/eicons/fonts/eiconsdb5f.svg]
[localhost/wpShop.com/wp-content/plugins/elementor/assets/lib/font-awesome/webfonts/fa-brands-400.svg]
[localhost/wpShop.com/wp-content/plugins/elementor/assets/lib/font-awesome/webfonts/fa-regular-400.svg]
[localhost/wpShop.com/wp-content/plugins/elementor/assets/lib/font-awesome/webfonts/fa-solid-900.svg]
[localhost/wptest.com/wp-content/uploads/2020/01/world-map-dark.html]
[localhost/wpShop.com/wp-content/uploads/elementor/css/post-6218167.css]
[localhost/wpShop.com/indexb022.html]
[localhost/wpShop.com/wp-content/uploads/elementor/css/post-62298c3.css]
[localhost/wpShop.com/wp-content/plugins/elementor/assets/lib/font-awesome/css/solid.minad76.css]
[localhost/wpShop.com/index7033.html]
[localhost/wpShop.com/index.php/product/11-coaching/feed/index.html]
[localhost/wpShop.com/index.php/wp-json/oembed/1.0/embed10a1.json]
[localhost/wpShop.com/index.php/wp-json/oembed/1.0/embed09b0]
[localhost/wpShop.com/wp-content/uploads/2019/04/product4-free-img.jpg]
[localhost/wpShop.com/wp-content/uploads/2019/04/product4-free-img-600x450.jpg]
[localhost/wpShop.com/wp-includes/js/comment-reply.min9dff.js]
[localhost/wpShop.com/wp-content/plugins/woocommerce/assets/js/zoom/jquery.zoom.min5a35.js]
[localhost/wpShop.com/wp-content/plugins/woocommerce/assets/js/flexslider/jquery.flexslider.mineed8.js]
[localhost/wpShop.com/wp-content/plugins/woocommerce/assets/js/photoswipe/photoswipe.min0235.js]
[localhost/wpShop.com/wp-content/plugins/woocommerce/assets/js/photoswipe/photoswipe-ui-default.min0235.js]
[localhost/wpShop.com/wp-content/plugins/woocommerce/assets/js/frontend/single-product.min7e2e.js]
[localhost/wpShop.com/index.php/product/11-coaching/index.html]
[localhost/wpShop.com/index.php/wp-json/oembed/1.0/embedfeb8.json]
[localhost/wpShop.com/index.php/product/couples-guidance/feed/index.html]
[localhost/wpShop.com/index.php/wp-json/oembed/1.0/embed352b]
[localhost/wpShop.com/wp-content/uploads/2019/04/product3-free-img.jpg]
[localhost/wpShop.com/wp-content/uploads/2019/04/product3-free-img-600x450.jpg]
[localhost/wpShop.com/index.php/product/couples-guidance/index.html]
[localhost/wpShop.com/index.php/wp-json/oembed/1.0/embed1ccb.json]
[localhost/wpShop.com/index.php/product/discovery-session/feed/index.html]
[localhost/wpShop.com/index.php/wp-json/oembed/1.0/embeddd14]
[localhost/wpShop.com/wp-content/uploads/2019/04/product1-free-img.jpg]
[localhost/wpShop.com/wp-content/uploads/2019/04/product1-free-img-600x450.jpg]
[localhost/wpShop.com/index.php/product/discovery-session/index.html]
[localhost/wpShop.com/index.php/wp-json/oembed/1.0/embed77dc.json]
[localhost/wpShop.com/index.php/product/self-improvement/feed/index.html]
[localhost/wpShop.com/index.php/wp-json/oembed/1.0/embed230b]
[localhost/wpShop.com/wp-content/uploads/2019/04/product2-free-img.jpg]
[localhost/wpShop.com/wp-content/uploads/2019/04/product2-free-img-600x450.jpg]
[localhost/wpShop.com/index.php/product/self-improvement/index.html]
[localhost/wpShop.com/wp-content/uploads/elementor/css/post-3424a1b.css]
[localhost/wpShop.com/indexc2ef.html]
[localhost/wpShop.com/wp-content/uploads/elementor/css/post-1326ff.css]
[localhost/wpShop.com/index2dc4.html]
[localhost/wpShop.com/wp-content/plugins/woocommerce/assets/css/select27e2e.css]
[localhost/wpShop.com/index64d4.html]
[localhost/wpShop.com/index.php/shop/index.html]
[localhost/wpShop.com/index.php/shop/feed/index.html]
[localhost/wpShop.com/wp-content/plugins/woocommerce/assets/css/photoswipe/photoswipe7e2e.css]
[localhost/wpShop.com/wp-content/plugins/woocommerce/assets/css/photoswipe/default-skin/preloader.gif]
[localhost/wpShop.com/wp-content/plugins/woocommerce/assets/css/photoswipe/default-skin/default-skin7e2e.css]
[localhost/wpShop.com/indexfef8.html]
[localhost/wpShop.com/index.php/product-category/coaching/index.html]
[localhost/wpShop.com/index9d24.html]
[localhost/wpShop.com/index61a9.html]
[localhost/wpShop.com/indexae62.html]
[localhost/wpShop.com/index.php/product-category/coaching/feed/index.html]
[localhost/wpShop.com/wp-content/plugins/woocommerce/assets/css/photoswipe/default-skin/default-skin.svg]
