[backblue.gif]
[fade.gif]
[index.html]
[localhost/wpZoo.com/wp-content/themes/astra/assets/fonts/astra.woff]
[localhost/wpZoo.com/feed/index.html]
[localhost/wpZoo.com/comments/feed/index.html]
[localhost/wpZoo.com/wp-includes/js/jquery/jquery4a5f.js]
[localhost/wpZoo.com/wp-includes/js/jquery/jquery-migrate.min330a.js]
[localhost/wpZoo.com/wp-content/plugins/elementor/assets/lib/font-awesome/js/v4-shims.min3088.js]
[localhost/wpZoo.com/xmlrpc0db0.php]
[localhost/wpZoo.com/wp-includes/wlwmanifest.xml]
[localhost/wpZoo.com/wp-json/index.html]
[localhost/wpZoo.com/wp-json/oembed/1.0/embed658d.json]
[localhost/wpZoo.com/wp-json/oembed/1.0/embed4436]
[localhost/wpZoo.com/wp-content/uploads/elementor/thumbs/wolf-62898_1920-ojhziqo0ookbhj2ay3k14wr639sank2qnpv4v53mvc.jpg]
[localhost/wpZoo.com/wp-content/uploads/elementor/thumbs/tiger-165189_1280-ojhzj9gshda1xqazwbokis0dyz7mxi5deawugobrew.jpg]
[localhost/wpZoo.com/wp-content/uploads/elementor/thumbs/peacock-816981_1920-ojhzjcab1vdwwk6wfuwg89arr4tqklgkeovawi7kw8.jpg]
[localhost/wpZoo.com/wp-content/themes/astra/assets/js/minified/style.min77e6.js]
[localhost/wpZoo.com/wp-content/plugins/contact-form-7/includes/js/scriptsb62d.js]
[localhost/wpZoo.com/wp-includes/js/wp-embed.min9dff.js]
[localhost/wpZoo.com/wp-content/plugins/elementor/assets/js/frontend-modules.minf7ff.js]
[localhost/wpZoo.com/wp-includes/js/jquery/ui/position.mine899.js]
[localhost/wpZoo.com/wp-content/plugins/elementor/assets/lib/dialog/dialog.minfe9d.js]
[localhost/wpZoo.com/wp-content/plugins/elementor/assets/lib/waypoints/waypoints.min05da.js]
[localhost/wpZoo.com/wp-content/plugins/elementor/assets/lib/swiper/swiper.min4f24.js]
[localhost/wpZoo.com/wp-content/plugins/elementor/assets/js/frontend.minf7ff.js]
[localhost/wpzoo.com/index.html]
[localhost/wpZoo.com/wp-content/themes/astra/assets/css/minified/style.min77e6.css]
[localhost/wpZoo.com/wp-content/themes/astra/assets/css/minified/menu-animation.min77e6.css]
[localhost/wpZoo.com/wp-includes/css/dist/block-library/style.min9dff.css]
[localhost/wpZoo.com/wp-content/plugins/contact-form-7/images/ajax-loader.gif]
[localhost/wpZoo.com/wp-content/plugins/contact-form-7/includes/css/stylesb62d.css]
[localhost/wpZoo.com/wp-content/themes/astra/assets/css/minified/compatibility/contact-form-7.min77e6.css]
[localhost/wpZoo.com/wp-content/plugins/wpforms-lite/assets/css/wpforms-base00e2.css]
[localhost/wpZoo.com/wp-content/plugins/header-footer-elementor/assets/css/header-footer-elementor8d1e.css]
[localhost/wpZoo.com/wp-content/plugins/elementor/assets/lib/eicons/fonts/eiconsdb5f.eot]
[localhost/wpZoo.com/wp-content/plugins/elementor/assets/lib/eicons/fonts/eiconsdb5f.woff2]
[localhost/wpZoo.com/wp-content/plugins/elementor/assets/lib/eicons/fonts/eiconsdb5f.woff]
[localhost/wpZoo.com/wp-content/plugins/elementor/assets/lib/eicons/fonts/eiconsdb5f.ttf]
[localhost/wpZoo.com/wp-content/plugins/elementor/assets/lib/eicons/css/elementor-icons.mindeba.css]
[localhost/wpZoo.com/wp-content/plugins/elementor/assets/lib/animations/animations.minf7ff.css]
[localhost/wpZoo.com/wp-content/plugins/elementor/assets/css/frontend.minf7ff.css]
[localhost/wpZoo.com/wp-content/plugins/elementor/assets/lib/font-awesome/webfonts/fa-brands-400.eot]
[localhost/wpZoo.com/wp-content/plugins/elementor/assets/lib/font-awesome/webfonts/fa-brands-400.woff2]
[localhost/wpZoo.com/wp-content/plugins/elementor/assets/lib/font-awesome/webfonts/fa-brands-400d41d.eot]
[localhost/wpZoo.com/wp-content/plugins/elementor/assets/lib/font-awesome/webfonts/fa-brands-400.woff]
[localhost/wpZoo.com/wp-content/plugins/elementor/assets/lib/font-awesome/webfonts/fa-brands-400.ttf]
[localhost/wpZoo.com/wp-content/plugins/elementor/assets/lib/font-awesome/webfonts/fa-regular-400.eot]
[localhost/wpZoo.com/wp-content/plugins/elementor/assets/lib/font-awesome/webfonts/fa-regular-400.woff2]
[localhost/wpZoo.com/wp-content/plugins/elementor/assets/lib/font-awesome/webfonts/fa-regular-400d41d.eot]
[localhost/wpZoo.com/wp-content/plugins/elementor/assets/lib/font-awesome/webfonts/fa-regular-400.woff]
[localhost/wpZoo.com/wp-content/plugins/elementor/assets/lib/font-awesome/webfonts/fa-regular-400.ttf]
[localhost/wpZoo.com/wp-content/plugins/elementor/assets/lib/font-awesome/webfonts/fa-solid-900.eot]
[localhost/wpZoo.com/wp-content/plugins/elementor/assets/lib/font-awesome/webfonts/fa-solid-900.woff2]
[localhost/wpZoo.com/wp-content/plugins/elementor/assets/lib/font-awesome/webfonts/fa-solid-900.woff]
[localhost/wpZoo.com/wp-content/plugins/elementor/assets/lib/font-awesome/webfonts/fa-solid-900d41d.eot]
[localhost/wpZoo.com/wp-content/plugins/elementor/assets/lib/font-awesome/webfonts/fa-solid-900.ttf]
[localhost/wpZoo.com/wp-content/plugins/elementor/assets/lib/font-awesome/css/all.min3088.css]
[localhost/wpZoo.com/wp-content/plugins/elementor/assets/lib/font-awesome/css/v4-shims.min3088.css]
[localhost/wpZoo.com/wp-content/uploads/elementor/css/global21db.css]
[localhost/wpZoo.com/wp-content/uploads/2020/01/fallow-deer-984573_1920.jpg]
[localhost/wpZoo.com/wp-content/uploads/2020/01/ara-3601194_1920.jpg]
[localhost/wpZoo.com/wp-content/uploads/elementor/css/post-117e2c.css]
[localhost/wpZoo.com/wp-content/uploads/elementor/css/post-1089d34.css]
[localhost/wpZoo.com/wp-content/plugins/elementor/assets/lib/font-awesome/css/fontawesome.minad76.css]
[localhost/wpZoo.com/wp-content/plugins/elementor/assets/lib/font-awesome/css/solid.minad76.css]
[localhost/wpZoo.com/wp-content/plugins/elementor/assets/lib/font-awesome/css/brands.minad76.css]
[localhost/wpZoo.com/wp-content/plugins/elementor/assets/lib/font-awesome/css/regular.minad76.css]
[localhost/wpZoo.com/wp-json/oembed/1.0/embed3a12.json]
[localhost/wpZoo.com/wp-json/oembed/1.0/embed5ead]
[localhost/wpZoo.com/wp-content/plugins/elementor/assets/lib/jquery-numerator/jquery-numerator.min3958.js]
[localhost/wpZoo.com/about/index.html]
[localhost/wpZoo.com/wp-json/oembed/1.0/embed3c46.json]
[localhost/wpZoo.com/wp-json/oembed/1.0/embedca06]
[localhost/wpZoo.com/services/index.html]
[localhost/wpZoo.com/wp-json/oembed/1.0/embed1db7.json]
[localhost/wpZoo.com/wp-json/oembed/1.0/embed3599]
[localhost/wpZoo.com/wp-content/uploads/2020/01/img-06-free-img.jpg]
[localhost/wpZoo.com/wp-content/uploads/2020/01/img-07-free-img.jpg]
[localhost/wpZoo.com/wp-content/uploads/2020/01/img-08-free-img.jpg]
[localhost/wpZoo.com/wp-content/uploads/2020/01/img-09-free-img.jpg]
[localhost/wpZoo.com/projects/index.html]
[localhost/wpZoo.com/wp-json/oembed/1.0/embed0aa7.json]
[localhost/wpZoo.com/wp-json/oembed/1.0/embed7eaa]
[localhost/wpZoo.com/wp-content/plugins/wpforms-lite/assets/js/jquery.validate.minb3a6.js]
[localhost/wpZoo.com/wp-content/plugins/wpforms-lite/assets/js/mailcheck.mincfa9.js]
[localhost/wpZoo.com/wp-content/plugins/wpforms-lite/assets/js/wpforms00e2.js]
[localhost/wpZoo.com/contact/index.html]
[localhost/wpZoo.com/wp-content/plugins/elementor/assets/lib/eicons/fonts/eiconsdb5f.svg]
[localhost/wpZoo.com/wp-content/plugins/elementor/assets/lib/font-awesome/webfonts/fa-brands-400.svg]
[localhost/wpZoo.com/wp-content/plugins/elementor/assets/lib/font-awesome/webfonts/fa-regular-400.svg]
[localhost/wpZoo.com/wp-content/plugins/elementor/assets/lib/font-awesome/webfonts/fa-solid-900.svg]
[localhost/wptest.com/wp-content/uploads/2020/01/bg-10-free-img.html]
[localhost/wpZoo.com/wp-content/uploads/2020/01/bg-02-free-img.jpg]
[localhost/wpZoo.com/wp-content/uploads/elementor/css/post-12c5a9.css]
[localhost/wpZoo.com/index678b.html]
[localhost/wpZoo.com/wp-content/uploads/2020/01/fox-4589927_1920.jpg]
[localhost/wpZoo.com/wp-content/uploads/elementor/css/post-136626.css]
[localhost/wpZoo.com/index2dc4.html]
[localhost/wpZoo.com/wp-content/uploads/2020/01/sea-2361247_1280.jpg]
[localhost/wpZoo.com/wp-content/uploads/elementor/css/post-14aaf7.css]
[localhost/wpZoo.com/index0b69.html]
[localhost/wpZoo.com/wp-content/uploads/2020/01/mammal-3024471_1280.jpg]
[localhost/wpZoo.com/wp-content/uploads/elementor/css/post-15629e.css]
[localhost/wpZoo.com/indexa1ca.html]
[localhost/wptest.com/wp-content/uploads/2020/01/img-04-free-img.html]
[localhost/wptest.com/wp-content/uploads/2020/01/img-05-free-img.html]
