[backblue.gif]
[fade.gif]
[index.html]
[localhost/wprestaraunt.com/feed/index.html]
[localhost/wprestaraunt.com/wp-content/themes/astra/assets/fonts/astra.woff]
[localhost/wprestaraunt.com/comments/feed/index.html]
[localhost/wprestaraunt.com/wp-includes/js/jquery/jquery4a5f.js]
[localhost/wprestaraunt.com/wp-includes/js/jquery/jquery-migrate.min330a.js]
[localhost/wprestaraunt.com/wp-content/plugins/elementor/assets/lib/font-awesome/js/v4-shims.min3088.js]
[localhost/wprestaraunt.com/wp-json/index.html]
[localhost/wprestaraunt.com/xmlrpc0db0.php]
[localhost/wprestaraunt.com/wp-json/oembed/1.0/embed449d.json]
[localhost/wprestaraunt.com/wp-json/oembed/1.0/embeda5eb]
[localhost/wprestaraunt.com/wp-content/uploads/2020/01/cropped-b35b5cf3-248f-40d5-8553-047ff4cdf850-132x51.png]
[localhost/wprestaraunt.com/wp-content/uploads/2020/01/fork-free-img-1024x1024.png]
[localhost/wprestaraunt.com/wp-content/uploads/2020/01/frill-free-img.png]
[localhost/wprestaraunt.com/wp-content/uploads/2020/01/knife-free-imge-1024x1024.png]
[localhost/wprestaraunt.com/wp-content/uploads/2020/01/64222_original.jpg]
[localhost/wprestaraunt.com/wp-content/uploads/2020/01/leaf-free-img.png]
[localhost/wprestaraunt.com/wp-content/uploads/elementor/thumbs/bread-196511_1280-ojih4cpi77b6z7g0yv2pxgb3pig4ci3p47vsumcljo.jpg]
[localhost/wprestaraunt.com/wp-content/uploads/elementor/thumbs/64222_original-ojih456soj0webqy6rtpdi7eyfh6mx9uf6nx0enqxg.jpg]
[localhost/wprestaraunt.com/wp-content/uploads/elementor/thumbs/1513698805118134083-ojih40hlqcugs9xry7skj1e3zi4ckfr6qjehm0upsk.jpg]
[localhost/wprestaraunt.com/wp-content/uploads/elementor/thumbs/pilaf-834980_1280-ojih4atttj8mbzir9u9gsgs6iqpdx3w8fyktw2fdw4.jpg]
[localhost/wprestaraunt.com/wp-content/uploads/2020/01/pic49-free-img.png]
[localhost/wprestaraunt.com/wp-content/uploads/2020/01/pic50-free-img.png]
[localhost/wprestaraunt.com/wp-content/uploads/2020/01/pic51-free-img.png]
[localhost/wprestaraunt.com/wp-content/uploads/2020/01/old-typical-phone.png]
[localhost/wprestaraunt.com/wp-content/themes/astra/assets/js/minified/style.min77e6.js]
[localhost/wprestaraunt.com/wp-content/plugins/contact-form-7/includes/js/scriptsb62d.js]
[localhost/wprestaraunt.com/wp-content/plugins/elementor/assets/js/frontend-modules.minf7ff.js]
[localhost/wprestaraunt.com/wp-includes/js/jquery/ui/position.mine899.js]
[localhost/wprestaraunt.com/wp-content/plugins/elementor/assets/lib/dialog/dialog.minfe9d.js]
[localhost/wprestaraunt.com/wp-content/plugins/elementor/assets/lib/waypoints/waypoints.min05da.js]
[localhost/wprestaraunt.com/wp-content/plugins/elementor/assets/lib/swiper/swiper.min4f24.js]
[localhost/wprestaraunt.com/wp-content/plugins/elementor/assets/js/frontend.minf7ff.js]
[localhost/wprestaraunt.com/index.html]
[localhost/wprestaraunt.com/wp-content/themes/astra/assets/css/minified/style.min77e6.css]
[localhost/wprestaraunt.com/wp-content/themes/astra/assets/css/minified/menu-animation.min77e6.css]
[localhost/wprestaraunt.com/wp-includes/css/dist/block-library/style.min9dff.css]
[localhost/wprestaraunt.com/wp-content/plugins/contact-form-7/images/ajax-loader.gif]
[localhost/wprestaraunt.com/wp-content/plugins/contact-form-7/includes/css/stylesb62d.css]
[localhost/wprestaraunt.com/wp-content/themes/astra/assets/css/minified/compatibility/contact-form-7.min77e6.css]
[localhost/wprestaraunt.com/wp-content/plugins/wpforms-lite/assets/css/wpforms-base00e2.css]
[localhost/wprestaraunt.com/wp-content/plugins/header-footer-elementor/assets/css/header-footer-elementor8d1e.css]
[localhost/wprestaraunt.com/wp-content/plugins/elementor/assets/lib/eicons/fonts/eiconsdb5f.eot]
[localhost/wprestaraunt.com/wp-content/plugins/elementor/assets/lib/eicons/fonts/eiconsdb5f.woff2]
[localhost/wprestaraunt.com/wp-content/plugins/elementor/assets/lib/eicons/fonts/eiconsdb5f.woff]
[localhost/wprestaraunt.com/wp-content/plugins/elementor/assets/lib/eicons/fonts/eiconsdb5f.ttf]
[localhost/wprestaraunt.com/wp-content/plugins/elementor/assets/lib/eicons/css/elementor-icons.mindeba.css]
[localhost/wprestaraunt.com/wp-content/plugins/elementor/assets/lib/animations/animations.minf7ff.css]
[localhost/wprestaraunt.com/wp-content/plugins/elementor/assets/css/frontend.minf7ff.css]
[localhost/wprestaraunt.com/wp-content/plugins/elementor/assets/lib/font-awesome/webfonts/fa-brands-400.eot]
[localhost/wprestaraunt.com/wp-content/plugins/elementor/assets/lib/font-awesome/webfonts/fa-brands-400.woff2]
[localhost/wprestaraunt.com/wp-content/plugins/elementor/assets/lib/font-awesome/webfonts/fa-brands-400d41d.eot]
[localhost/wprestaraunt.com/wp-content/plugins/elementor/assets/lib/font-awesome/webfonts/fa-brands-400.woff]
[localhost/wprestaraunt.com/wp-content/plugins/elementor/assets/lib/font-awesome/webfonts/fa-brands-400.ttf]
[localhost/wprestaraunt.com/wp-content/plugins/elementor/assets/lib/font-awesome/webfonts/fa-regular-400.eot]
[localhost/wprestaraunt.com/wp-content/plugins/elementor/assets/lib/font-awesome/webfonts/fa-regular-400.woff2]
[localhost/wprestaraunt.com/wp-content/plugins/elementor/assets/lib/font-awesome/webfonts/fa-regular-400d41d.eot]
[localhost/wprestaraunt.com/wp-content/plugins/elementor/assets/lib/font-awesome/webfonts/fa-regular-400.woff]
[localhost/wprestaraunt.com/wp-content/plugins/elementor/assets/lib/font-awesome/webfonts/fa-regular-400.ttf]
[localhost/wprestaraunt.com/wp-content/plugins/elementor/assets/lib/font-awesome/webfonts/fa-solid-900.eot]
[localhost/wprestaraunt.com/wp-content/plugins/elementor/assets/lib/font-awesome/webfonts/fa-solid-900.woff2]
[localhost/wprestaraunt.com/wp-content/plugins/elementor/assets/lib/font-awesome/webfonts/fa-solid-900.woff]
[localhost/wprestaraunt.com/wp-content/plugins/elementor/assets/lib/font-awesome/webfonts/fa-solid-900d41d.eot]
[localhost/wprestaraunt.com/wp-content/plugins/elementor/assets/lib/font-awesome/webfonts/fa-solid-900.ttf]
[localhost/wprestaraunt.com/wp-content/plugins/elementor/assets/lib/font-awesome/css/all.min3088.css]
[localhost/wprestaraunt.com/wp-content/plugins/elementor/assets/lib/font-awesome/css/v4-shims.min3088.css]
[localhost/wprestaraunt.com/wp-content/uploads/elementor/css/global8f66.css]
[localhost/wprestaraunt.com/wp-content/uploads/2020/01/34839433_BF9_VfvQ2_mxlziErkmYHSLtpnZErkKWRXvaD7l53Jo.jpg]
[localhost/wprestaraunt.com/wp-content/uploads/elementor/css/post-80d0e.css]
[localhost/wprestaraunt.com/wp-content/uploads/elementor/css/post-5507048.css]
[localhost/wprestaraunt.com/wp-content/plugins/elementor/assets/lib/font-awesome/css/fontawesome.minad76.css]
[localhost/wprestaraunt.com/wp-content/plugins/elementor/assets/lib/font-awesome/css/solid.minad76.css]
[localhost/wprestaraunt.com/wp-content/plugins/elementor/assets/lib/font-awesome/css/brands.minad76.css]
[localhost/wprestaraunt.com/wp-json/oembed/1.0/embeda511.json]
[localhost/wprestaraunt.com/wp-json/oembed/1.0/embed38d4]
[localhost/wprestaraunt.com/wp-content/uploads/2020/01/pic39-free-img.jpg]
[localhost/wprestaraunt.com/wp-content/uploads/2020/01/divider-free-img.png]
[localhost/wprestaraunt.com/wp-content/uploads/2020/01/pic62-free-img.jpg]
[localhost/wprestaraunt.com/wp-content/uploads/2020/01/platter-img.jpg]
[localhost/wprestaraunt.com/wp-content/uploads/2020/01/pic41-free-img.png]
[localhost/wprestaraunt.com/wp-content/uploads/2020/01/pic42-free-img.png]
[localhost/wprestaraunt.com/wp-content/uploads/2020/01/pic43-free-img.png]
[localhost/wprestaraunt.com/wp-content/uploads/2020/01/pic44-free-img.png]
[localhost/wprestaraunt.com/wp-content/uploads/2020/01/pic45-free-img.png]
[localhost/wprestaraunt.com/wp-content/uploads/2020/01/pic46-free-img.png]
[localhost/wprestaraunt.com/menu/index.html]
[localhost/wprestaraunt.com/wp-json/oembed/1.0/embed49ac.json]
[localhost/wprestaraunt.com/wp-json/oembed/1.0/embed01fa]
[localhost/wprestaraunt.com/wp-content/uploads/elementor/thumbs/Serving-chef-ojdj8noifylwznyexnqhpz3ry1swbldby73son1p1s.jpg]
[localhost/wprestaraunt.com/wp-content/uploads/elementor/thumbs/Red-wine-img-ojdj8rfv7ao7z53inbypcezked1csxwcba8kgy9954.jpg]
[localhost/wprestaraunt.com/wp-content/uploads/elementor/thumbs/pic34-free-img-ojdj8v77ymtd9ky21dl7me1erwitnqb9nsuie23og8.jpg]
[localhost/wprestaraunt.com/wp-content/uploads/2020/01/divider-free-img-1-1024x1024.png]
[localhost/wprestaraunt.com/wp-content/uploads/2020/01/tripadvisorlogo1-free-img.png]
[localhost/wprestaraunt.com/wp-content/uploads/2020/01/yelp-free-img-1.png]
[localhost/wprestaraunt.com/wp-content/uploads/2020/01/google-reviews-free-img.png]
[localhost/wprestaraunt.com/wp-content/uploads/2020/01/fb-free-imng.png]
[localhost/wprestaraunt.com/wp-content/uploads/2020/01/tweet-free-img.png]
[localhost/wprestaraunt.com/about-us/index.html]
[localhost/wprestaraunt.com/wp-json/oembed/1.0/embed16dc.json]
[localhost/wprestaraunt.com/wp-json/oembed/1.0/embed2c18]
[localhost/wprestaraunt.com/wp-content/plugins/wpforms-lite/assets/js/jquery.validate.minb3a6.js]
[localhost/wprestaraunt.com/wp-content/plugins/wpforms-lite/assets/js/mailcheck.mincfa9.js]
[localhost/wprestaraunt.com/wp-content/plugins/wpforms-lite/assets/js/wpforms00e2.js]
[localhost/wprestaraunt.com/contact/index.html]
[localhost/wprestaraunt.com/wp-content/plugins/elementor/assets/lib/eicons/fonts/eiconsdb5f.svg]
[localhost/wprestaraunt.com/wp-content/plugins/elementor/assets/lib/font-awesome/webfonts/fa-brands-400.svg]
[localhost/wprestaraunt.com/wp-content/plugins/elementor/assets/lib/font-awesome/webfonts/fa-regular-400.svg]
[localhost/wprestaraunt.com/wp-content/plugins/elementor/assets/lib/font-awesome/webfonts/fa-solid-900.svg]
[localhost/wptest.com/wp-content/uploads/2020/01/pic28-free-img.html]
[localhost/wptest.com/wp-content/uploads/2020/01/food-table-meet.html]
[localhost/wptest.com/wp-content/uploads/2020/01/slider3.html]
[localhost/wptest.com/wp-content/uploads/2020/01/quotes2-free-img.html]
[localhost/wptest.com/wp-content/uploads/2020/01/Prepare-dish-img.html]
[localhost/wprestaraunt.com/wp-content/uploads/elementor/css/post-10e03d.css]
[localhost/wprestaraunt.com/index64b4.html]
[localhost/wprestaraunt.com/wp-content/uploads/elementor/css/post-9f61f.css]
[localhost/wprestaraunt.com/indexb5fb.html]
[localhost/wprestaraunt.com/wp-content/uploads/elementor/css/post-115118.css]
[localhost/wprestaraunt.com/index5757.html]
[localhost/wptest.com/wp-content/uploads/2020/01/Restaurant-menu-banner.html]
[localhost/wptest.com/wp-content/uploads/2020/01/pic48-free-img.html]
[localhost/wptest.com/wp-content/uploads/2020/01/try.html]
[localhost/wptest.com/wp-content/uploads/2020/01/blog-bg-free-img.html]
[localhost/wptest.com/wp-content/uploads/2020/01/Resturanrt-banner.html]
[localhost/wptest.com/wp-content/uploads/2020/01/About-us-banner.html]
[localhost/wptest.com/wp-content/uploads/2020/01/chef01-free-img.html]
[localhost/wptest.com/wp-content/uploads/2020/01/chef02-free-img.html]
[localhost/wptest.com/wp-content/uploads/2020/01/chef04-free-img.html]
[localhost/wptest.com/wp-content/uploads/2020/01/chef07-free-img.html]
